// Jest Snapshot v1, https://goo.gl/fbAQLP

exports[`<Image /> should render 1`] = `
Array [
  <img
    data-testid="image"
    onLoad={[Function]}
    src="test.jpg"
  />,
  "",
]
`;
